2025-06-10 16:34:02,011 - reports - DEBUG - Логгер инициализирован и готов к работе
2025-06-10 16:34:03,217 - reports - DEBUG - Декоратор my_name_save_report вызвал функцию spending_by_category
2025-06-10 16:34:03,217 - reports - DEBUG - Декоратор auto_name_save_report вызвал функцию spending_by_category
2025-06-10 16:34:03,217 - reports - DEBUG - Анализ категории: Супермаркеты, дата: 2019-05-06
2025-06-10 16:34:03,222 - reports - DEBUG - Период фильтрации: 2019-02-06 — 2019-05-06
2025-06-10 16:34:03,241 - reports - INFO - Найдено 1 транзакций по категории 'Супермаркеты'
2025-06-10 16:34:03,250 - reports - DEBUG - Подготовлено 1 записей для JSON-отчёта по категории 'Супермаркеты'
2025-06-10 16:34:03,252 - reports - INFO - Файл report_spending_by_category.json успешно сохранён
2025-06-10 16:34:03,254 - reports - INFO - Файл my_report_by_category.json успешно сохранён
2025-06-10 16:34:03,265 - reports - DEBUG - Декоратор my_name_save_report вызвал функцию spending_by_category
2025-06-10 16:34:03,265 - reports - DEBUG - Декоратор auto_name_save_report вызвал функцию spending_by_category
2025-06-10 16:34:03,265 - reports - DEBUG - Анализ категории: Рестораны, дата: 2019-05-06
2025-06-10 16:34:03,266 - reports - DEBUG - Период фильтрации: 2019-02-06 — 2019-05-06
2025-06-10 16:34:03,275 - reports - INFO - Найдено 0 транзакций по категории 'Рестораны'
2025-06-10 16:34:03,280 - reports - DEBUG - Подготовлено 0 записей для JSON-отчёта по категории 'Рестораны'
2025-06-10 16:34:03,282 - reports - INFO - Файл report_spending_by_category.json успешно сохранён
2025-06-10 16:34:03,284 - reports - INFO - Файл my_report_by_category.json успешно сохранён
2025-06-10 16:34:03,290 - reports - DEBUG - Декоратор my_name_save_report вызвал функцию spending_by_category
2025-06-10 16:34:03,290 - reports - DEBUG - Декоратор auto_name_save_report вызвал функцию spending_by_category
2025-06-10 16:34:03,291 - reports - DEBUG - Анализ категории: Супермаркеты, дата: 2019-02-01
2025-06-10 16:34:03,291 - reports - DEBUG - Период фильтрации: 2018-11-01 — 2019-02-01
2025-06-10 16:34:03,297 - reports - INFO - Найдено 1 транзакций по категории 'Супермаркеты'
2025-06-10 16:34:03,301 - reports - DEBUG - Подготовлено 1 записей для JSON-отчёта по категории 'Супермаркеты'
2025-06-10 16:34:03,303 - reports - INFO - Файл report_spending_by_category.json успешно сохранён
2025-06-10 16:34:03,306 - reports - INFO - Файл my_report_by_category.json успешно сохранён
2025-06-10 16:34:03,319 - reports - DEBUG - Декоратор my_name_save_report вызвал функцию spending_by_category
2025-06-10 16:34:03,319 - reports - DEBUG - Декоратор auto_name_save_report вызвал функцию spending_by_category
2025-06-10 16:34:03,320 - reports - DEBUG - Анализ категории: Супермаркеты, дата: None
2025-06-10 16:34:03,320 - reports - DEBUG - Период фильтрации: 2023-03-10 — 2023-06-10
2025-06-10 16:34:03,326 - reports - INFO - Найдено 0 транзакций по категории 'Супермаркеты'
2025-06-10 16:34:03,332 - reports - DEBUG - Подготовлено 0 записей для JSON-отчёта по категории 'Супермаркеты'
2025-06-10 16:34:03,333 - reports - INFO - Файл report_spending_by_category.json успешно сохранён
2025-06-10 16:34:03,335 - reports - INFO - Файл my_report_by_category.json успешно сохранён
2025-06-10 16:34:03,340 - reports - DEBUG - Декоратор my_name_save_report вызвал функцию spending_by_weekday
2025-06-10 16:34:03,340 - reports - DEBUG - Декоратор auto_name_save_report вызвал функцию spending_by_weekday
2025-06-10 16:34:03,341 - reports - DEBUG - Анализ трат по дням недели, дата: 2023-03-10
2025-06-10 16:34:03,341 - reports - DEBUG - Период: 2022-12-10 — 2023-03-10
2025-06-10 16:34:03,346 - reports - INFO - Количество трат за период: 7
2025-06-10 16:34:03,363 - reports - DEBUG - Подготовлено данных по средним тратам за дни недели: 7 записей
2025-06-10 16:34:03,365 - reports - INFO - Файл report_spending_by_weekday.json успешно сохранён
2025-06-10 16:34:03,367 - reports - INFO - Файл my_report_by_weekday.json успешно сохранён
2025-06-10 16:34:03,373 - reports - DEBUG - Декоратор my_name_save_report вызвал функцию spending_by_weekday
2025-06-10 16:34:03,374 - reports - DEBUG - Декоратор auto_name_save_report вызвал функцию spending_by_weekday
2025-06-10 16:34:03,374 - reports - DEBUG - Анализ трат по дням недели, дата: None
2025-06-10 16:34:03,374 - reports - DEBUG - Период: 2025-03-10 — 2025-06-10
2025-06-10 16:34:03,382 - reports - INFO - Количество трат за период: 0
2025-06-10 16:34:03,390 - reports - DEBUG - Подготовлено данных по средним тратам за дни недели: 7 записей
2025-06-10 16:34:03,393 - reports - INFO - Файл report_spending_by_weekday.json успешно сохранён
2025-06-10 16:34:03,396 - reports - INFO - Файл my_report_by_weekday.json успешно сохранён
2025-06-10 16:34:03,401 - reports - DEBUG - Декоратор my_name_save_report вызвал функцию spending_by_workday
2025-06-10 16:34:03,402 - reports - DEBUG - Декоратор auto_name_save_report вызвал функцию spending_by_workday
2025-06-10 16:34:03,402 - reports - DEBUG - Анализ трат по типу дня (рабочий/выходной), дата: 2023-03-10
2025-06-10 16:34:03,402 - reports - DEBUG - Период: 2022-12-10 — 2023-03-10
2025-06-10 16:34:03,408 - reports - INFO - Количество валидных трат: 7
2025-06-10 16:34:03,412 - reports - DEBUG - Средние траты рассчитаны: рабочие дни = 380.0, выходные = 450.0
2025-06-10 16:34:03,414 - reports - INFO - Файл report_spending_by_workday.json успешно сохранён
2025-06-10 16:34:03,416 - reports - INFO - Файл my_report_by_workday.json успешно сохранён
2025-06-10 16:34:03,423 - reports - DEBUG - Декоратор my_name_save_report вызвал функцию spending_by_workday
2025-06-10 16:34:03,423 - reports - DEBUG - Декоратор auto_name_save_report вызвал функцию spending_by_workday
2025-06-10 16:34:03,423 - reports - DEBUG - Анализ трат по типу дня (рабочий/выходной), дата: None
2025-06-10 16:34:03,424 - reports - DEBUG - Период: 2022-12-23 — 2023-03-23
2025-06-10 16:34:03,430 - reports - INFO - Количество валидных трат: 7
2025-06-10 16:34:03,433 - reports - DEBUG - Средние траты рассчитаны: рабочие дни = 380.0, выходные = 450.0
2025-06-10 16:34:03,435 - reports - INFO - Файл report_spending_by_workday.json успешно сохранён
2025-06-10 16:34:03,436 - reports - INFO - Файл my_report_by_workday.json успешно сохранён
2025-06-10 16:34:03,441 - reports - DEBUG - Декоратор auto_name_save_report вызвал функцию func_returns_not_string
2025-06-10 16:34:03,441 - reports - ERROR - Функция func_returns_not_string вернула не строку, а <class 'int'>
2025-06-10 16:34:03,446 - reports - DEBUG - Декоратор auto_name_save_report вызвал функцию func_returns_invalid_json
2025-06-10 16:34:03,446 - reports - ERROR - Ошибка при декодировании JSON в функции func_returns_invalid_json
2025-06-10 16:34:03,450 - reports - DEBUG - Декоратор auto_name_save_report вызвал функцию func_returns_json_not_list_or_dict
2025-06-10 16:34:03,451 - reports - ERROR - Функция func_returns_json_not_list_or_dict вернула JSON не в виде списка или словаря
2025-06-10 16:34:03,455 - reports - DEBUG - Декоратор my_name_save_report вызвал функцию func_my_name_returns_not_string
2025-06-10 16:34:03,455 - reports - ERROR - Функция func_my_name_returns_not_string вернула не строку, а <class 'int'>
2025-06-10 16:34:03,459 - reports - DEBUG - Декоратор my_name_save_report вызвал функцию func_my_name_returns_invalid_json
2025-06-10 16:34:03,459 - reports - ERROR - Ошибка при декодировании JSON в функции func_my_name_returns_invalid_json
2025-06-10 16:34:03,466 - reports - DEBUG - Декоратор my_name_save_report вызвал функцию func_my_name_returns_json_not_list_or_dict
2025-06-10 16:34:03,466 - reports - ERROR - Функция func_my_name_returns_json_not_list_or_dict вернула JSON не в виде списка или словаря
