2025-06-10 16:34:02,073 - services - DEBUG - Логгер инициализирован и готов к работе
2025-06-10 16:34:03,473 - services - DEBUG - Запущена функция поиска транзакций по запросу: 'пере'
2025-06-10 16:34:03,474 - services - INFO - Найдено транзакций по запросу 'пере': 2
2025-06-10 16:34:03,481 - services - DEBUG - Запущена функция поиска транзакций по запросу: 'магазин'
2025-06-10 16:34:03,482 - services - INFO - Найдено транзакций по запросу 'магазин': 1
2025-06-10 16:34:03,487 - services - DEBUG - Запущена функция поиска транзакций по запросу: ''
2025-06-10 16:34:03,487 - services - INFO - Пустой запрос — возвращён пустой список.
2025-06-10 16:34:03,493 - services - DEBUG - Запущена функция поиска транзакций по запросу: 'кофе'
2025-06-10 16:34:03,494 - services - INFO - Найдено транзакций по запросу 'кофе': 1
2025-06-10 16:34:03,499 - services - DEBUG - Запущена функция поиска транзакций по запросу: 'нет'
2025-06-10 16:34:03,500 - services - INFO - Найдено транзакций по запросу 'нет': 0
2025-06-10 16:34:03,505 - services - DEBUG - Запущена функция поиска транзакций по запросу: 'Покупка'
2025-06-10 16:34:03,506 - services - INFO - Найдено транзакций по запросу 'Покупка': 2
2025-06-10 16:34:03,511 - services - DEBUG - Запущена функция для поиска транзакций где есть мобильные номера
2025-06-10 16:34:03,513 - services - INFO - Найдено транзакций с номером телефона: 4
2025-06-10 16:34:03,518 - services - DEBUG - Запущена функция для поиска транзакций переводов физическим лицам
2025-06-10 16:34:03,519 - services - INFO - Найдено транзакций с переводами физическим лицам: 3
2025-06-10 16:34:03,526 - services - DEBUG - Запущен анализ кешбэка за 06.2023
2025-06-10 16:34:03,527 - services - INFO - Завершён анализ кешбэка: найдено 2 c выгодным кэшбэком
2025-06-10 16:34:03,532 - services - DEBUG - Запущен анализ кешбэка за 05.2023
2025-06-10 16:34:03,533 - services - INFO - Завершён анализ кешбэка: найдено 1 c выгодным кэшбэком
2025-06-10 16:34:03,539 - services - DEBUG - Запущен анализ кешбэка за 07.2023
2025-06-10 16:34:03,540 - services - INFO - Завершён анализ кешбэка: найдено 0 c выгодным кэшбэком
2025-06-10 16:34:03,546 - services - DEBUG - Запущена функция Инвесткопилки за период 2018-10, с лимитом 10
2025-06-10 16:34:03,548 - services - INFO - Всего накоплено в инвесткопилку: 8.0 при пороге 10
2025-06-10 16:34:03,554 - services - DEBUG - Запущена функция Инвесткопилки за период 2018-10, с лимитом 50
2025-06-10 16:34:03,554 - services - INFO - Всего накоплено в инвесткопилку: 78.0 при пороге 50
2025-06-10 16:34:03,559 - services - DEBUG - Запущена функция Инвесткопилки за период 2018-10, с лимитом 100
2025-06-10 16:34:03,560 - services - INFO - Всего накоплено в инвесткопилку: 128.0 при пороге 100
2025-06-10 16:34:03,566 - services - DEBUG - Запущена функция Инвесткопилки за период 2018-09, с лимитом 10
2025-06-10 16:34:03,566 - services - INFO - Всего накоплено в инвесткопилку: 0.0 при пороге 10
2025-06-10 16:34:03,571 - services - DEBUG - Запущена функция Инвесткопилки за период 2018-10, с лимитом 15
2025-06-10 16:34:03,571 - services - ERROR - Неверный порог округления: 15
