2025-06-07 18:48:18,073 - utils - DEBUG - Логгер инициализирован и готов к работе
2025-06-07 18:48:18,179 - utils - DEBUG - Начинаем фильтрацию транзакций по дате: 30.05.2024
2025-06-07 18:48:18,187 - utils - WARNING - Неверный формат даты операции: None (не строка)
2025-06-07 18:48:18,187 - utils - WARNING - Пропущен ключ 'Дата операции' в транзакции: {'Сумма операции': -70.0}
2025-06-07 18:48:18,188 - utils - WARNING - Ошибка преобразования даты в транзакции : time data 'неверный формат' does not match format '%d.%m.%Y %H:%M:%S'
2025-06-07 18:48:18,188 - utils - DEBUG - Отфильтровано транзакций: 4 из 8
2025-06-07 18:48:18,193 - utils - DEBUG - Начинаем фильтрацию транзакций по дате: 10.05.2024
2025-06-07 18:48:18,194 - utils - WARNING - Неверный формат даты операции: None (не строка)
2025-06-07 18:48:18,194 - utils - WARNING - Пропущен ключ 'Дата операции' в транзакции: {'Сумма операции': -70.0}
2025-06-07 18:48:18,194 - utils - WARNING - Ошибка преобразования даты в транзакции : time data 'неверный формат' does not match format '%d.%m.%Y %H:%M:%S'
2025-06-07 18:48:18,195 - utils - DEBUG - Отфильтровано транзакций: 2 из 8
2025-06-07 18:48:18,199 - utils - DEBUG - Начинаем фильтрацию транзакций по дате: 01.04.2024
2025-06-07 18:48:18,199 - utils - WARNING - Неверный формат даты операции: None (не строка)
2025-06-07 18:48:18,200 - utils - WARNING - Пропущен ключ 'Дата операции' в транзакции: {'Сумма операции': -70.0}
2025-06-07 18:48:18,200 - utils - WARNING - Ошибка преобразования даты в транзакции : time data 'неверный формат' does not match format '%d.%m.%Y %H:%M:%S'
2025-06-07 18:48:18,200 - utils - DEBUG - Отфильтровано транзакций: 1 из 8
2025-06-07 18:48:18,205 - utils - DEBUG - Начинаем фильтрацию транзакций по дате: 01.06.2024
2025-06-07 18:48:18,206 - utils - WARNING - Неверный формат даты операции: None (не строка)
2025-06-07 18:48:18,206 - utils - WARNING - Пропущен ключ 'Дата операции' в транзакции: {'Сумма операции': -70.0}
2025-06-07 18:48:18,206 - utils - WARNING - Ошибка преобразования даты в транзакции : time data 'неверный формат' does not match format '%d.%m.%Y %H:%M:%S'
2025-06-07 18:48:18,207 - utils - DEBUG - Отфильтровано транзакций: 0 из 8
2025-06-07 18:48:18,212 - utils - DEBUG - Выдано приветствие: Доброе утро!
2025-06-07 18:48:18,218 - utils - DEBUG - Выдано приветствие: Добрый день!
2025-06-07 18:48:18,224 - utils - DEBUG - Выдано приветствие: Добрый вечер!
2025-06-07 18:48:18,229 - utils - DEBUG - Выдано приветствие: Доброй ночи!
2025-06-07 18:48:18,235 - utils - DEBUG - Начинаем подсчет данных по картам
2025-06-07 18:48:18,235 - utils - DEBUG - Подсчитано данных по картам: 0
2025-06-07 18:48:18,239 - utils - DEBUG - Начинаем подсчет данных по картам
2025-06-07 18:48:18,239 - utils - DEBUG - Подсчитано данных по картам: 1
2025-06-07 18:48:18,243 - utils - DEBUG - Начинаем подсчет данных по картам
2025-06-07 18:48:18,244 - utils - DEBUG - Подсчитано данных по картам: 0
2025-06-07 18:48:18,248 - utils - DEBUG - Начинаем подсчет данных по картам
2025-06-07 18:48:18,249 - utils - DEBUG - Подсчитано данных по картам: 1
2025-06-07 18:48:18,254 - utils - DEBUG - Получаем топ 3 транзакций по расходам
2025-06-07 18:48:18,255 - utils - DEBUG - Сформирован список топ транзакций: 3
2025-06-07 18:48:18,259 - utils - DEBUG - Получаем топ 5 транзакций по расходам
2025-06-07 18:48:18,260 - utils - DEBUG - Сформирован список топ транзакций: 5
2025-06-07 18:48:18,266 - utils - DEBUG - Получаем топ 10 транзакций по расходам
2025-06-07 18:48:18,267 - utils - DEBUG - Сформирован список топ транзакций: 5
2025-06-07 18:48:18,275 - utils - DEBUG - Получаем топ 0 транзакций по расходам
2025-06-07 18:48:18,275 - utils - DEBUG - Сформирован список топ транзакций: 0
2025-06-07 18:48:18,283 - utils - DEBUG - Запрос курсов валют: ['USD', 'EUR', 'CNY'] относительно RUB
2025-06-07 18:48:18,286 - utils - DEBUG - Получены данные с API курсов валют
2025-06-07 18:48:18,286 - utils - DEBUG - Найден курс для USD/RUB: 91.2345
2025-06-07 18:48:18,286 - utils - DEBUG - Найден курс для EUR/RUB: 98.7654
2025-06-07 18:48:18,287 - utils - DEBUG - Найден курс для CNY/RUB: 12.3456
2025-06-07 18:48:18,292 - utils - DEBUG - Запрос цен акций для: ['AAPL', 'GOOGL', 'MSFT']
2025-06-07 18:48:18,295 - utils - DEBUG - Получены данные с API цен акций
2025-06-07 18:48:18,296 - utils - DEBUG - Цена акции AAPL: 189.23
2025-06-07 18:48:18,296 - utils - DEBUG - Цена акции GOOGL: 2823.45
2025-06-07 18:48:18,296 - utils - DEBUG - Цена акции MSFT: 332.1
2025-06-07 18:48:18,311 - utils - DEBUG - Начинаем фильтрацию транзакций по дате: 31.12.2021
2025-06-07 18:48:18,312 - utils - DEBUG - Отфильтровано транзакций: 2 из 2
2025-06-07 18:48:18,330 - utils - DEBUG - Начинаем фильтрацию транзакций по дате: 30.12.2021
2025-06-07 18:48:18,331 - utils - DEBUG - Отфильтровано транзакций: 1 из 2
